03-12 13:17:39 com_github_MitjaNemec_ReplicateLayout.action_replicate_layout 409:Plugin executed on: 'linux'
03-12 13:17:39 com_github_MitjaNemec_ReplicateLayout.action_replicate_layout 410:Plugin executed with python version: '3.14.3 (main, Feb 13 2026, 15:31:44) [GCC 15.2.1 20260209]'
03-12 13:17:39 com_github_MitjaNemec_ReplicateLayout.action_replicate_layout 411:KiCad build version: 9.0.7
03-12 13:17:39 com_github_MitjaNemec_ReplicateLayout.action_replicate_layout 412:Plugin version: 4.0.3
03-12 13:17:39 com_github_MitjaNemec_ReplicateLayout.action_replicate_layout 413:Frame repr: <wx._core.Frame object at 0x7f30a824fda0>
03-12 13:17:39 com_github_MitjaNemec_ReplicateLayout.action_replicate_layout 437:Preparing replicator with SW1 as a reference
03-12 13:17:39 com_github_MitjaNemec_ReplicateLayout.replicate_layout 117:getting a list of all footprints on board
03-12 13:17:39 com_github_MitjaNemec_ReplicateLayout.action_replicate_layout 485:source anchor footprint is 'SW1'
Located on: ['/left/']
With filenames: ['half.kicad_sch']
With sheet_id:['/left/']
03-12 13:17:39 com_github_MitjaNemec_ReplicateLayout.action_replicate_layout 492:Corresponding footprints are 
[('SW1', ['/left/']), ('SW35', ['/right/'])]
03-12 13:17:39 com_github_MitjaNemec_ReplicateLayout.action_replicate_layout 504:Showing dialog
03-12 13:17:39 com_github_MitjaNemec_ReplicateLayout.replicate_layout 472:constructing a list of sheets suitable for replication on level:'/left/', file:'half.kicad_sch'
03-12 13:17:39 com_github_MitjaNemec_ReplicateLayout.replicate_layout 509:suitable sheets are:[['/right/']]
03-12 13:17:39 com_github_MitjaNemec_ReplicateLayout.replicate_layout 1512:Level selected: ['/left/']
03-12 13:17:39 com_github_MitjaNemec_ReplicateLayout.replicate_layout 1336:Filtering list of tracks
03-12 13:17:39 com_github_MitjaNemec_ReplicateLayout.action_replicate_layout 510:Toolbar position: wx.Point(1092, 97)
03-12 13:17:39 com_github_MitjaNemec_ReplicateLayout.action_replicate_layout 515:Dialog position: wx.Point(653, 97)
03-12 13:17:48 com_github_MitjaNemec_ReplicateLayout.action_replicate_layout 329:User canceled the dialog
